MPLINK 4.48, Linker
Linker Map File - Created Tue Apr 22 02:26:19 2025

                                 Section Info
                  Section       Type    Address   Location Size(Bytes)
                ---------  ---------  ---------  ---------  ---------
                   .org_0       code   0x000000    program   0x000062
                   .cinit    romdata   0x000031    program   0x000004



                              Program Memory Usage 
                               Start         End      
                           ---------   ---------      
                            0x000000    0x000032      
            51 out of 1158 program addresses used, program memory utilization is 4%



                              Symbols - Sorted by Name
                     Name    Address   Location    Storage File                     
                ---------  ---------  ---------  --------- ---------                
              BTN1PRESSED   0x000016    program     static F:\CLOCK_SPEED_PROJECT\CAO_project.asm
              BTN2PRESSED   0x00001c    program     static F:\CLOCK_SPEED_PROJECT\CAO_project.asm
              BTN3PRESSED   0x000023    program     static F:\CLOCK_SPEED_PROJECT\CAO_project.asm
              BTN4PRESSED   0x00002a    program     static F:\CLOCK_SPEED_PROJECT\CAO_project.asm
                    START   0x00000c    program     static F:\CLOCK_SPEED_PROJECT\CAO_project.asm



                              Symbols - Sorted by Address
                     Name    Address   Location    Storage File                     
                ---------  ---------  ---------  --------- ---------                
                    START   0x00000c    program     static F:\CLOCK_SPEED_PROJECT\CAO_project.asm
              BTN1PRESSED   0x000016    program     static F:\CLOCK_SPEED_PROJECT\CAO_project.asm
              BTN2PRESSED   0x00001c    program     static F:\CLOCK_SPEED_PROJECT\CAO_project.asm
              BTN3PRESSED   0x000023    program     static F:\CLOCK_SPEED_PROJECT\CAO_project.asm
              BTN4PRESSED   0x00002a    program     static F:\CLOCK_SPEED_PROJECT\CAO_project.asm


