MPASM  5.50                   CAO_PROJECT.ASM   4-22-2025  2:26:18         PAGE  1


LOC  OBJECT CODE     LINE SOURCE TEXT
  VALUE

                      00001 ;please note our buttons in proteus need to be pressed for some seconds for all the needed LED's to swit
                            ch on.
                      00002 
                      00003 ;Declaration
  00000003            00004 STATUS EQU 03H
  00000005            00005 PORTA EQU 05H
  00000006            00006 PORTB EQU 06H
  00000085            00007 TRISA EQU 85H
  00000086            00008 TRISB EQU 86H
                      00009 
  00000000            00010 RA0 EQU 0 ;BTN1
  00000001            00011 RA1 EQU 1 ;BTN2
  00000002            00012 RA2 EQU 2 ;BTN3
  00000003            00013 RA3 EQU 3 ;BTN4
                      00014 
  00000005            00015 RP0 EQU 5 ;5TH BIT OF STATUS REGISTER
                      00016 
  00000000            00017 RB0 EQU 0 ;THE LED'S
  00000001            00018 RB1 EQU 1
  00000002            00019 RB2 EQU 2
  00000003            00020 RB3 EQU 3
  00000004            00021 RB4 EQU 4
  00000005            00022 RB5 EQU 5
                      00023 
                      00024 ;Config Mode
Warning[205]: Found directive in column 1. (ORG)
                      00025 ORG 00H
Warning[203]: Found opcode in column 1. (BSF)
0000   1683           00026 BSF STATUS, RP0 ;MOVE FROM BANK 0 TO BANK 1
                      00027 
                      00028 ;SET BUTTONS AS INPUT
Warning[203]: Found opcode in column 1. (BSF)
Message[302]: Register in operand not in bank 0.  Ensure that bank bits are correct.
0001   1405           00029 BSF TRISA, RA0
Warning[203]: Found opcode in column 1. (BSF)
Message[302]: Register in operand not in bank 0.  Ensure that bank bits are correct.
0002   1485           00030 BSF TRISA, RA1
Warning[203]: Found opcode in column 1. (BSF)
Message[302]: Register in operand not in bank 0.  Ensure that bank bits are correct.
0003   1505           00031 BSF TRISA, RA2
Warning[203]: Found opcode in column 1. (BSF)
Message[302]: Register in operand not in bank 0.  Ensure that bank bits are correct.
0004   1585           00032 BSF TRISA, RA3
                      00033 
                      00034 ;SET LED PINS AS OUTPUT
Warning[203]: Found opcode in column 1. (BCF)
Message[302]: Register in operand not in bank 0.  Ensure that bank bits are correct.
0005   1006           00035 BCF TRISB, RB0 
Warning[203]: Found opcode in column 1. (BCF)
Message[302]: Register in operand not in bank 0.  Ensure that bank bits are correct.
0006   1086           00036 BCF TRISB, RB1 
Warning[203]: Found opcode in column 1. (BCF)
Message[302]: Register in operand not in bank 0.  Ensure that bank bits are correct.
MPASM  5.50                   CAO_PROJECT.ASM   4-22-2025  2:26:18         PAGE  2


LOC  OBJECT CODE     LINE SOURCE TEXT
  VALUE

0007   1106           00037 BCF TRISB, RB2 
Warning[203]: Found opcode in column 1. (BCF)
Message[302]: Register in operand not in bank 0.  Ensure that bank bits are correct.
0008   1186           00038 BCF TRISB, RB3 
Warning[203]: Found opcode in column 1. (BCF)
Message[302]: Register in operand not in bank 0.  Ensure that bank bits are correct.
0009   1206           00039 BCF TRISB, RB4 
Warning[203]: Found opcode in column 1. (BCF)
Message[302]: Register in operand not in bank 0.  Ensure that bank bits are correct.
000A   1286           00040 BCF TRISB, RB5
                      00041 
Warning[203]: Found opcode in column 1. (BCF)
000B   1283           00042 BCF STATUS, RP0 ;GO BACK TO BANK 0
                      00043 
                      00044 ;RUNNING MODE
000C                  00045 START
000C   0186           00046     CLRF PORTB
000D   1805           00047     BTFSC PORTA, 0
000E   2???           00048     GOTO BTN1PRESSED
000F   1885           00049     BTFSC PORTA, 1
0010   2???           00050     GOTO BTN2PRESSED
0011   1905           00051     BTFSC PORTA, 2
0012   2???           00052     GOTO BTN3PRESSED
0013   1985           00053     BTFSC PORTA, 3
0014   2???           00054     GOTO BTN4PRESSED
0015   2???           00055     GOTO START
                      00056 
0016                  00057 BTN1PRESSED
0016   1086           00058     BCF PORTB, 1
0017   1106           00059     BCF PORTB, 2
0018   1186           00060     BCF PORTB, 3
0019   1206           00061     BCF PORTB, 4
001A   1286           00062     BCF PORTB, 5
001B   2???           00063     GOTO START
                      00064 
001C                  00065 BTN2PRESSED
001C   1406           00066     BSF PORTB, 0
001D   1086           00067     BCF PORTB, 1
001E   1506           00068     BSF PORTB, 2
001F   1186           00069     BCF PORTB, 3
0020   1606           00070     BSF PORTB, 4
0021   1286           00071     BCF PORTB, 5
0022   2???           00072     GOTO START
                      00073 
0023                  00074 BTN3PRESSED
0023   1006           00075     BCF PORTB, 0
0024   1486           00076     BSF PORTB, 1
0025   1106           00077     BCF PORTB, 2
0026   1586           00078     BSF PORTB, 3
0027   1206           00079     BCF PORTB, 4
0028   1686           00080     BSF PORTB, 5
0029   2???           00081     GOTO START
                      00082 
MPASM  5.50                   CAO_PROJECT.ASM   4-22-2025  2:26:18         PAGE  3


LOC  OBJECT CODE     LINE SOURCE TEXT
  VALUE

002A                  00083 BTN4PRESSED
002A   1406           00084     BSF PORTB, 0
002B   1486           00085     BSF PORTB, 1
002C   1506           00086     BSF PORTB, 2
002D   1586           00087     BSF PORTB, 3
002E   1606           00088     BSF PORTB, 4
002F   1686           00089     BSF PORTB, 5
0030   2???           00090         GOTO START
                      00091 
Warning[205]: Found directive in column 1. (END)
                      00092 END
MPASM  5.50                   CAO_PROJECT.ASM   4-22-2025  2:26:18         PAGE  4


SYMBOL TABLE
  LABEL                             VALUE 

BTN1PRESSED                       00000016
BTN2PRESSED                       0000001C
BTN3PRESSED                       00000023
BTN4PRESSED                       0000002A
PORTA                             00000005
PORTB                             00000006
RA0                               00000000
RA1                               00000001
RA2                               00000002
RA3                               00000003
RB0                               00000000
RB1                               00000001
RB2                               00000002
RB3                               00000003
RB4                               00000004
RB5                               00000005
RP0                               00000005
START                             0000000C
STATUS                            00000003
TRISA                             00000085
TRISB                             00000086
__16F627A                         00000001
__DEBUG                           1

Errors   :     0
Warnings :    14 reported,     0 suppressed
Messages :    10 reported,     0 suppressed

